2026-08-31 17:39:21,789 UTC | INFO | === CLV logging run starting ===
2026-08-31 17:39:21,902 UTC | INFO | Loaded 22747 estimate rows from C:\Users\gmsco\Desktop\Market_Betting\output\estimation\pickem_estimates_20260831T173920Z.csv
2026-08-31 17:39:21,904 UTC | INFO | Existing CLV log has 0 rows before this run
2026-08-31 17:39:23,971 UTC | INFO | Wrote 2436 total rows to C:\Users\gmsco\Desktop\Market_Betting\data\pickem\clv_log.csv
2026-08-31 17:39:24,003 UTC | INFO | Run summary: {'estimates_file': 'C:\\Users\\gmsco\\Desktop\\Market_Betting\\output\\estimation\\pickem_estimates_20260831T173920Z.csv', 'rows_in_estimates': 22747, 'newly_flagged': 2436, 'newly_closed': 0, 'still_open': 2436, 'total_logged': 2436, 'log_path': 'C:\\Users\\gmsco\\Desktop\\Market_Betting\\data\\pickem\\clv_log.csv'}
2026-08-31 18:38:20,248 UTC | INFO | === CLV logging run starting ===
2026-08-31 18:38:20,359 UTC | INFO | Loaded 22489 estimate rows from C:\Users\gmsco\Desktop\Market_Betting\output\estimation\pickem_estimates_20260831T183818Z.csv
2026-08-31 18:38:20,380 UTC | INFO | Existing CLV log has 2436 rows before this run
2026-08-31 18:38:24,171 UTC | INFO | Wrote 2463 total rows to C:\Users\gmsco\Desktop\Market_Betting\data\pickem\clv_log.csv
2026-08-31 18:38:24,203 UTC | INFO | Run summary: {'estimates_file': 'C:\\Users\\gmsco\\Desktop\\Market_Betting\\output\\estimation\\pickem_estimates_20260831T183818Z.csv', 'rows_in_estimates': 22489, 'newly_flagged': 27, 'newly_closed': 0, 'still_open': 2437, 'total_logged': 2463, 'log_path': 'C:\\Users\\gmsco\\Desktop\\Market_Betting\\data\\pickem\\clv_log.csv'}
2026-08-31 19:38:24,566 UTC | INFO | === CLV logging run starting ===
2026-08-31 19:38:24,686 UTC | INFO | Loaded 22379 estimate rows from C:\Users\gmsco\Desktop\Market_Betting\output\estimation\pickem_estimates_20260831T193822Z.csv
2026-08-31 19:38:24,705 UTC | INFO | Existing CLV log has 2463 rows before this run
2026-08-31 19:38:28,602 UTC | INFO | Wrote 2533 total rows to C:\Users\gmsco\Desktop\Market_Betting\data\pickem\clv_log.csv
2026-08-31 19:38:28,636 UTC | INFO | Run summary: {'estimates_file': 'C:\\Users\\gmsco\\Desktop\\Market_Betting\\output\\estimation\\pickem_estimates_20260831T193822Z.csv', 'rows_in_estimates': 22379, 'newly_flagged': 70, 'newly_closed': 0, 'still_open': 2479, 'total_logged': 2533, 'log_path': 'C:\\Users\\gmsco\\Desktop\\Market_Betting\\data\\pickem\\clv_log.csv'}
2026-08-31 20:38:20,128 UTC | INFO | === CLV logging run starting ===
2026-08-31 20:38:20,237 UTC | INFO | Loaded 22267 estimate rows from C:\Users\gmsco\Desktop\Market_Betting\output\estimation\pickem_estimates_20260831T203818Z.csv
2026-08-31 20:38:20,256 UTC | INFO | Existing CLV log has 2533 rows before this run
2026-08-31 20:38:23,956 UTC | INFO | Wrote 2636 total rows to C:\Users\gmsco\Desktop\Market_Betting\data\pickem\clv_log.csv
2026-08-31 20:38:23,988 UTC | INFO | Run summary: {'estimates_file': 'C:\\Users\\gmsco\\Desktop\\Market_Betting\\output\\estimation\\pickem_estimates_20260831T203818Z.csv', 'rows_in_estimates': 22267, 'newly_flagged': 103, 'newly_closed': 0, 'still_open': 2564, 'total_logged': 2636, 'log_path': 'C:\\Users\\gmsco\\Desktop\\Market_Betting\\data\\pickem\\clv_log.csv'}
2026-08-31 21:38:20,095 UTC | INFO | === CLV logging run starting ===
2026-08-31 21:38:20,204 UTC | INFO | Loaded 21738 estimate rows from C:\Users\gmsco\Desktop\Market_Betting\output\estimation\pickem_estimates_20260831T213818Z.csv
2026-08-31 21:38:20,221 UTC | INFO | Existing CLV log has 2636 rows before this run
2026-08-31 21:38:24,120 UTC | INFO | Wrote 2684 total rows to C:\Users\gmsco\Desktop\Market_Betting\data\pickem\clv_log.csv
2026-08-31 21:38:24,156 UTC | INFO | Run summary: {'estimates_file': 'C:\\Users\\gmsco\\Desktop\\Market_Betting\\output\\estimation\\pickem_estimates_20260831T213818Z.csv', 'rows_in_estimates': 21738, 'newly_flagged': 48, 'newly_closed': 0, 'still_open': 2409, 'total_logged': 2684, 'log_path': 'C:\\Users\\gmsco\\Desktop\\Market_Betting\\data\\pickem\\clv_log.csv'}
2026-08-31 22:38:19,610 UTC | INFO | === CLV logging run starting ===
2026-08-31 22:38:19,716 UTC | INFO | Loaded 21880 estimate rows from C:\Users\gmsco\Desktop\Market_Betting\output\estimation\pickem_estimates_20260831T223818Z.csv
2026-08-31 22:38:19,733 UTC | INFO | Existing CLV log has 2684 rows before this run
2026-08-31 22:38:23,617 UTC | INFO | Wrote 2819 total rows to C:\Users\gmsco\Desktop\Market_Betting\data\pickem\clv_log.csv
2026-08-31 22:38:23,654 UTC | INFO | Run summary: {'estimates_file': 'C:\\Users\\gmsco\\Desktop\\Market_Betting\\output\\estimation\\pickem_estimates_20260831T223818Z.csv', 'rows_in_estimates': 21880, 'newly_flagged': 135, 'newly_closed': 0, 'still_open': 2710, 'total_logged': 2819, 'log_path': 'C:\\Users\\gmsco\\Desktop\\Market_Betting\\data\\pickem\\clv_log.csv'}
2026-08-31 23:38:19,821 UTC | INFO | === CLV logging run starting ===
2026-08-31 23:38:19,914 UTC | INFO | Loaded 19203 estimate rows from C:\Users\gmsco\Desktop\Market_Betting\output\estimation\pickem_estimates_20260831T233818Z.csv
2026-08-31 23:38:19,932 UTC | INFO | Existing CLV log has 2819 rows before this run
2026-08-31 23:38:23,528 UTC | INFO | Wrote 2830 total rows to C:\Users\gmsco\Desktop\Market_Betting\data\pickem\clv_log.csv
2026-08-31 23:38:23,564 UTC | INFO | Run summary: {'estimates_file': 'C:\\Users\\gmsco\\Desktop\\Market_Betting\\output\\estimation\\pickem_estimates_20260831T233818Z.csv', 'rows_in_estimates': 19203, 'newly_flagged': 11, 'newly_closed': 0, 'still_open': 2710, 'total_logged': 2830, 'log_path': 'C:\\Users\\gmsco\\Desktop\\Market_Betting\\data\\pickem\\clv_log.csv'}
2026-09-01 00:38:19,839 UTC | INFO | === CLV logging run starting ===
2026-09-01 00:38:19,934 UTC | INFO | Loaded 17632 estimate rows from C:\Users\gmsco\Desktop\Market_Betting\output\estimation\pickem_estimates_20260901T003818Z.csv
2026-09-01 00:38:19,953 UTC | INFO | Existing CLV log has 2830 rows before this run
2026-09-01 00:38:23,556 UTC | INFO | Wrote 2876 total rows to C:\Users\gmsco\Desktop\Market_Betting\data\pickem\clv_log.csv
2026-09-01 00:38:23,594 UTC | INFO | Run summary: {'estimates_file': 'C:\\Users\\gmsco\\Desktop\\Market_Betting\\output\\estimation\\pickem_estimates_20260901T003818Z.csv', 'rows_in_estimates': 17632, 'newly_flagged': 46, 'newly_closed': 0, 'still_open': 2733, 'total_logged': 2876, 'log_path': 'C:\\Users\\gmsco\\Desktop\\Market_Betting\\data\\pickem\\clv_log.csv'}
2026-09-01 01:38:22,529 UTC | INFO | === CLV logging run starting ===
2026-09-01 01:38:22,613 UTC | INFO | Loaded 17260 estimate rows from C:\Users\gmsco\Desktop\Market_Betting\output\estimation\pickem_estimates_20260901T013821Z.csv
2026-09-01 01:38:22,631 UTC | INFO | Existing CLV log has 2876 rows before this run
2026-09-01 01:38:26,316 UTC | INFO | Wrote 2973 total rows to C:\Users\gmsco\Desktop\Market_Betting\data\pickem\clv_log.csv
2026-09-01 01:38:26,356 UTC | INFO | Run summary: {'estimates_file': 'C:\\Users\\gmsco\\Desktop\\Market_Betting\\output\\estimation\\pickem_estimates_20260901T013821Z.csv', 'rows_in_estimates': 17260, 'newly_flagged': 97, 'newly_closed': 0, 'still_open': 2796, 'total_logged': 2973, 'log_path': 'C:\\Users\\gmsco\\Desktop\\Market_Betting\\data\\pickem\\clv_log.csv'}
2026-09-01 02:38:21,803 UTC | INFO | === CLV logging run starting ===
2026-09-01 02:38:21,892 UTC | INFO | Loaded 18359 estimate rows from C:\Users\gmsco\Desktop\Market_Betting\output\estimation\pickem_estimates_20260901T023820Z.csv
2026-09-01 02:38:21,913 UTC | INFO | Existing CLV log has 2973 rows before this run
2026-09-01 02:38:25,982 UTC | INFO | Wrote 3004 total rows to C:\Users\gmsco\Desktop\Market_Betting\data\pickem\clv_log.csv
2026-09-01 02:38:26,025 UTC | INFO | Run summary: {'estimates_file': 'C:\\Users\\gmsco\\Desktop\\Market_Betting\\output\\estimation\\pickem_estimates_20260901T023820Z.csv', 'rows_in_estimates': 18359, 'newly_flagged': 31, 'newly_closed': 0, 'still_open': 2825, 'total_logged': 3004, 'log_path': 'C:\\Users\\gmsco\\Desktop\\Market_Betting\\data\\pickem\\clv_log.csv'}
2026-09-01 03:38:20,944 UTC | INFO | === CLV logging run starting ===
2026-09-01 03:38:21,044 UTC | INFO | Loaded 20160 estimate rows from C:\Users\gmsco\Desktop\Market_Betting\output\estimation\pickem_estimates_20260901T033819Z.csv
2026-09-01 03:38:21,063 UTC | INFO | Existing CLV log has 3004 rows before this run
2026-09-01 03:38:24,870 UTC | INFO | Wrote 3192 total rows to C:\Users\gmsco\Desktop\Market_Betting\data\pickem\clv_log.csv
2026-09-01 03:38:24,910 UTC | INFO | Run summary: {'estimates_file': 'C:\\Users\\gmsco\\Desktop\\Market_Betting\\output\\estimation\\pickem_estimates_20260901T033819Z.csv', 'rows_in_estimates': 20160, 'newly_flagged': 188, 'newly_closed': 0, 'still_open': 2938, 'total_logged': 3192, 'log_path': 'C:\\Users\\gmsco\\Desktop\\Market_Betting\\data\\pickem\\clv_log.csv'}
2026-09-01 04:38:21,302 UTC | INFO | === CLV logging run starting ===
2026-09-01 04:38:21,420 UTC | INFO | Loaded 23680 estimate rows from C:\Users\gmsco\Desktop\Market_Betting\output\estimation\pickem_estimates_20260901T043820Z.csv
2026-09-01 04:38:21,439 UTC | INFO | Existing CLV log has 3192 rows before this run
2026-09-01 04:38:25,598 UTC | INFO | Wrote 3195 total rows to C:\Users\gmsco\Desktop\Market_Betting\data\pickem\clv_log.csv
2026-09-01 04:38:25,640 UTC | INFO | Run summary: {'estimates_file': 'C:\\Users\\gmsco\\Desktop\\Market_Betting\\output\\estimation\\pickem_estimates_20260901T043820Z.csv', 'rows_in_estimates': 23680, 'newly_flagged': 3, 'newly_closed': 0, 'still_open': 2940, 'total_logged': 3195, 'log_path': 'C:\\Users\\gmsco\\Desktop\\Market_Betting\\data\\pickem\\clv_log.csv'}
2026-09-01 05:38:22,724 UTC | INFO | === CLV logging run starting ===
2026-09-01 05:38:22,855 UTC | INFO | Loaded 26891 estimate rows from C:\Users\gmsco\Desktop\Market_Betting\output\estimation\pickem_estimates_20260901T053821Z.csv
2026-09-01 05:38:22,875 UTC | INFO | Existing CLV log has 3195 rows before this run
2026-09-01 05:38:27,358 UTC | INFO | Wrote 3200 total rows to C:\Users\gmsco\Desktop\Market_Betting\data\pickem\clv_log.csv
2026-09-01 05:38:27,401 UTC | INFO | Run summary: {'estimates_file': 'C:\\Users\\gmsco\\Desktop\\Market_Betting\\output\\estimation\\pickem_estimates_20260901T053821Z.csv', 'rows_in_estimates': 26891, 'newly_flagged': 5, 'newly_closed': 0, 'still_open': 2940, 'total_logged': 3200, 'log_path': 'C:\\Users\\gmsco\\Desktop\\Market_Betting\\data\\pickem\\clv_log.csv'}
2026-09-01 06:38:21,586 UTC | INFO | === CLV logging run starting ===
2026-09-01 06:38:21,712 UTC | INFO | Loaded 27195 estimate rows from C:\Users\gmsco\Desktop\Market_Betting\output\estimation\pickem_estimates_20260901T063820Z.csv
2026-09-01 06:38:21,732 UTC | INFO | Existing CLV log has 3200 rows before this run
2026-09-01 06:38:26,573 UTC | INFO | Wrote 3201 total rows to C:\Users\gmsco\Desktop\Market_Betting\data\pickem\clv_log.csv
2026-09-01 06:38:26,617 UTC | INFO | Run summary: {'estimates_file': 'C:\\Users\\gmsco\\Desktop\\Market_Betting\\output\\estimation\\pickem_estimates_20260901T063820Z.csv', 'rows_in_estimates': 27195, 'newly_flagged': 1, 'newly_closed': 0, 'still_open': 2932, 'total_logged': 3201, 'log_path': 'C:\\Users\\gmsco\\Desktop\\Market_Betting\\data\\pickem\\clv_log.csv'}
2026-09-01 07:38:21,953 UTC | INFO | === CLV logging run starting ===
2026-09-01 07:38:22,080 UTC | INFO | Loaded 27584 estimate rows from C:\Users\gmsco\Desktop\Market_Betting\output\estimation\pickem_estimates_20260901T073820Z.csv
2026-09-01 07:38:22,098 UTC | INFO | Existing CLV log has 3201 rows before this run
2026-09-01 07:38:26,492 UTC | INFO | Wrote 3203 total rows to C:\Users\gmsco\Desktop\Market_Betting\data\pickem\clv_log.csv
2026-09-01 07:38:26,536 UTC | INFO | Run summary: {'estimates_file': 'C:\\Users\\gmsco\\Desktop\\Market_Betting\\output\\estimation\\pickem_estimates_20260901T073820Z.csv', 'rows_in_estimates': 27584, 'newly_flagged': 2, 'newly_closed': 0, 'still_open': 2932, 'total_logged': 3203, 'log_path': 'C:\\Users\\gmsco\\Desktop\\Market_Betting\\data\\pickem\\clv_log.csv'}
2026-09-01 08:38:25,467 UTC | INFO | === CLV logging run starting ===
2026-09-01 08:38:25,610 UTC | INFO | Loaded 28001 estimate rows from C:\Users\gmsco\Desktop\Market_Betting\output\estimation\pickem_estimates_20260901T083824Z.csv
2026-09-01 08:38:25,631 UTC | INFO | Existing CLV log has 3203 rows before this run
2026-09-01 08:38:30,337 UTC | INFO | Wrote 3203 total rows to C:\Users\gmsco\Desktop\Market_Betting\data\pickem\clv_log.csv
2026-09-01 08:38:30,385 UTC | INFO | Run summary: {'estimates_file': 'C:\\Users\\gmsco\\Desktop\\Market_Betting\\output\\estimation\\pickem_estimates_20260901T083824Z.csv', 'rows_in_estimates': 28001, 'newly_flagged': 0, 'newly_closed': 0, 'still_open': 2933, 'total_logged': 3203, 'log_path': 'C:\\Users\\gmsco\\Desktop\\Market_Betting\\data\\pickem\\clv_log.csv'}
2026-09-01 09:42:28,745 UTC | INFO | === CLV logging run starting ===
2026-09-01 09:42:28,884 UTC | INFO | Loaded 29068 estimate rows from C:\Users\gmsco\Desktop\Market_Betting\output\estimation\pickem_estimates_20260901T094227Z.csv
2026-09-01 09:42:28,916 UTC | INFO | Existing CLV log has 3203 rows before this run
2026-09-01 09:42:33,478 UTC | INFO | Wrote 3205 total rows to C:\Users\gmsco\Desktop\Market_Betting\data\pickem\clv_log.csv
2026-09-01 09:42:33,519 UTC | INFO | Run summary: {'estimates_file': 'C:\\Users\\gmsco\\Desktop\\Market_Betting\\output\\estimation\\pickem_estimates_20260901T094227Z.csv', 'rows_in_estimates': 29068, 'newly_flagged': 2, 'newly_closed': 0, 'still_open': 2933, 'total_logged': 3205, 'log_path': 'C:\\Users\\gmsco\\Desktop\\Market_Betting\\data\\pickem\\clv_log.csv'}
2026-09-01 10:38:23,948 UTC | INFO | === CLV logging run starting ===
2026-09-01 10:38:24,080 UTC | INFO | Loaded 29386 estimate rows from C:\Users\gmsco\Desktop\Market_Betting\output\estimation\pickem_estimates_20260901T103822Z.csv
2026-09-01 10:38:24,100 UTC | INFO | Existing CLV log has 3205 rows before this run
2026-09-01 10:38:28,984 UTC | INFO | Wrote 3207 total rows to C:\Users\gmsco\Desktop\Market_Betting\data\pickem\clv_log.csv
2026-09-01 10:38:29,026 UTC | INFO | Run summary: {'estimates_file': 'C:\\Users\\gmsco\\Desktop\\Market_Betting\\output\\estimation\\pickem_estimates_20260901T103822Z.csv', 'rows_in_estimates': 29386, 'newly_flagged': 2, 'newly_closed': 0, 'still_open': 2934, 'total_logged': 3207, 'log_path': 'C:\\Users\\gmsco\\Desktop\\Market_Betting\\data\\pickem\\clv_log.csv'}
2026-09-01 11:38:23,355 UTC | INFO | === CLV logging run starting ===
2026-09-01 11:38:23,487 UTC | INFO | Loaded 29645 estimate rows from C:\Users\gmsco\Desktop\Market_Betting\output\estimation\pickem_estimates_20260901T113821Z.csv
2026-09-01 11:38:23,513 UTC | INFO | Existing CLV log has 3207 rows before this run
2026-09-01 11:38:28,309 UTC | INFO | Wrote 3207 total rows to C:\Users\gmsco\Desktop\Market_Betting\data\pickem\clv_log.csv
2026-09-01 11:38:28,355 UTC | INFO | Run summary: {'estimates_file': 'C:\\Users\\gmsco\\Desktop\\Market_Betting\\output\\estimation\\pickem_estimates_20260901T113821Z.csv', 'rows_in_estimates': 29645, 'newly_flagged': 0, 'newly_closed': 0, 'still_open': 2934, 'total_logged': 3207, 'log_path': 'C:\\Users\\gmsco\\Desktop\\Market_Betting\\data\\pickem\\clv_log.csv'}
2026-09-01 12:38:23,183 UTC | INFO | === CLV logging run starting ===
2026-09-01 12:38:23,319 UTC | INFO | Loaded 30038 estimate rows from C:\Users\gmsco\Desktop\Market_Betting\output\estimation\pickem_estimates_20260901T123821Z.csv
2026-09-01 12:38:23,345 UTC | INFO | Existing CLV log has 3207 rows before this run
2026-09-01 12:38:28,339 UTC | INFO | Wrote 3209 total rows to C:\Users\gmsco\Desktop\Market_Betting\data\pickem\clv_log.csv
2026-09-01 12:38:28,381 UTC | INFO | Run summary: {'estimates_file': 'C:\\Users\\gmsco\\Desktop\\Market_Betting\\output\\estimation\\pickem_estimates_20260901T123821Z.csv', 'rows_in_estimates': 30038, 'newly_flagged': 2, 'newly_closed': 0, 'still_open': 2934, 'total_logged': 3209, 'log_path': 'C:\\Users\\gmsco\\Desktop\\Market_Betting\\data\\pickem\\clv_log.csv'}
2026-09-01 13:38:26,514 UTC | INFO | === CLV logging run starting ===
2026-09-01 13:38:26,648 UTC | INFO | Loaded 30187 estimate rows from C:\Users\gmsco\Desktop\Market_Betting\output\estimation\pickem_estimates_20260901T133825Z.csv
2026-09-01 13:38:26,670 UTC | INFO | Existing CLV log has 3209 rows before this run
2026-09-01 13:38:31,386 UTC | INFO | Wrote 3216 total rows to C:\Users\gmsco\Desktop\Market_Betting\data\pickem\clv_log.csv
2026-09-01 13:38:31,427 UTC | INFO | Run summary: {'estimates_file': 'C:\\Users\\gmsco\\Desktop\\Market_Betting\\output\\estimation\\pickem_estimates_20260901T133825Z.csv', 'rows_in_estimates': 30187, 'newly_flagged': 7, 'newly_closed': 0, 'still_open': 2934, 'total_logged': 3216, 'log_path': 'C:\\Users\\gmsco\\Desktop\\Market_Betting\\data\\pickem\\clv_log.csv'}
2026-09-01 14:38:25,311 UTC | INFO | === CLV logging run starting ===
2026-09-01 14:38:25,467 UTC | INFO | Loaded 31077 estimate rows from C:\Users\gmsco\Desktop\Market_Betting\output\estimation\pickem_estimates_20260901T143823Z.csv
2026-09-01 14:38:25,488 UTC | INFO | Existing CLV log has 3216 rows before this run
2026-09-01 14:38:30,915 UTC | INFO | Wrote 3219 total rows to C:\Users\gmsco\Desktop\Market_Betting\data\pickem\clv_log.csv
2026-09-01 14:38:30,957 UTC | INFO | Run summary: {'estimates_file': 'C:\\Users\\gmsco\\Desktop\\Market_Betting\\output\\estimation\\pickem_estimates_20260901T143823Z.csv', 'rows_in_estimates': 31077, 'newly_flagged': 3, 'newly_closed': 0, 'still_open': 2944, 'total_logged': 3219, 'log_path': 'C:\\Users\\gmsco\\Desktop\\Market_Betting\\data\\pickem\\clv_log.csv'}
2026-09-01 15:38:27,866 UTC | INFO | === CLV logging run starting ===
2026-09-01 15:38:28,048 UTC | INFO | Loaded 30940 estimate rows from C:\Users\gmsco\Desktop\Market_Betting\output\estimation\pickem_estimates_20260901T153826Z.csv
2026-09-01 15:38:28,073 UTC | INFO | Existing CLV log has 3219 rows before this run
2026-09-01 15:38:33,483 UTC | INFO | Wrote 3223 total rows to C:\Users\gmsco\Desktop\Market_Betting\data\pickem\clv_log.csv
2026-09-01 15:38:33,527 UTC | INFO | Run summary: {'estimates_file': 'C:\\Users\\gmsco\\Desktop\\Market_Betting\\output\\estimation\\pickem_estimates_20260901T153826Z.csv', 'rows_in_estimates': 30940, 'newly_flagged': 4, 'newly_closed': 0, 'still_open': 2946, 'total_logged': 3223, 'log_path': 'C:\\Users\\gmsco\\Desktop\\Market_Betting\\data\\pickem\\clv_log.csv'}
2026-09-09 17:34:29,803 UTC | INFO | === CLV logging run starting (track=props) ===
2026-09-09 17:34:29,842 UTC | INFO | [props] Loaded 813 estimate rows from C:\Users\gmsco\Desktop\Market_Betting\output\estimation\sportsbook_props_latest.csv
2026-09-09 17:34:29,844 UTC | INFO | [props] Existing CLV log has 0 rows before this run
2026-09-09 17:34:30,000 UTC | INFO | [props] Wrote 172 total rows to C:\Users\gmsco\Desktop\Market_Betting\data\sportsbook_props\clv_log.csv
2026-09-09 17:34:30,005 UTC | INFO | Run summary: {'track': 'props', 'estimates_file': 'C:\\Users\\gmsco\\Desktop\\Market_Betting\\output\\estimation\\sportsbook_props_latest.csv', 'rows_in_estimates': 813, 'newly_flagged': 172, 'newly_closed': 0, 'still_open': 172, 'total_logged': 172, 'log_path': 'C:\\Users\\gmsco\\Desktop\\Market_Betting\\data\\sportsbook_props\\clv_log.csv'}
2026-09-09 17:34:50,262 UTC | INFO | === CLV logging run starting (track=props) ===
2026-09-09 17:34:50,277 UTC | INFO | [props] Loaded 813 estimate rows from C:\Users\gmsco\Desktop\Market_Betting\output\estimation\sportsbook_props_latest.csv
2026-09-09 17:34:50,294 UTC | INFO | [props] Existing CLV log has 172 rows before this run
2026-09-09 17:34:50,463 UTC | INFO | [props] Wrote 172 total rows to C:\Users\gmsco\Desktop\Market_Betting\data\sportsbook_props\clv_log.csv
2026-09-09 17:34:50,467 UTC | INFO | Run summary: {'track': 'props', 'estimates_file': 'C:\\Users\\gmsco\\Desktop\\Market_Betting\\output\\estimation\\sportsbook_props_latest.csv', 'rows_in_estimates': 813, 'newly_flagged': 0, 'newly_closed': 0, 'still_open': 172, 'total_logged': 172, 'log_path': 'C:\\Users\\gmsco\\Desktop\\Market_Betting\\data\\sportsbook_props\\clv_log.csv'}
2026-09-09 17:34:51,617 UTC | INFO | === CLV logging run starting (track=pickem) ===
2026-09-09 17:34:51,775 UTC | INFO | [pickem] Loaded 30940 estimate rows from C:\Users\gmsco\Desktop\Market_Betting\output\estimation\pickem_estimates_20260901T153826Z.csv
2026-09-09 17:34:51,825 UTC | INFO | [pickem] Existing CLV log has 6850 rows before this run
2026-09-09 17:34:59,553 UTC | INFO | [pickem] Wrote 6850 total rows to C:\Users\gmsco\Desktop\Market_Betting\data\pickem\clv_log.csv
2026-09-09 17:34:59,656 UTC | INFO | Run summary: {'track': 'pickem', 'estimates_file': 'C:\\Users\\gmsco\\Desktop\\Market_Betting\\output\\estimation\\pickem_estimates_20260901T153826Z.csv', 'rows_in_estimates': 30940, 'newly_flagged': 0, 'newly_closed': 0, 'still_open': 3005, 'total_logged': 6850, 'log_path': 'C:\\Users\\gmsco\\Desktop\\Market_Betting\\data\\pickem\\clv_log.csv'}
2026-09-09 17:35:00,846 UTC | INFO | === CLV logging run starting (track=weather) ===
2026-09-09 17:35:00,864 UTC | INFO | [weather] Loaded 288 estimate rows from C:\Users\gmsco\Desktop\Market_Betting\data\weather\estimates\weather_estimates_latest.csv
2026-09-09 17:35:00,865 UTC | INFO | [weather] Existing CLV log has 0 rows before this run
2026-09-09 17:35:00,918 UTC | INFO | [weather] Wrote 203 total rows to C:\Users\gmsco\Desktop\Market_Betting\data\weather\clv_log.csv
2026-09-09 17:35:00,926 UTC | INFO | Run summary: {'track': 'weather', 'estimates_file': 'C:\\Users\\gmsco\\Desktop\\Market_Betting\\data\\weather\\estimates\\weather_estimates_latest.csv', 'rows_in_estimates': 288, 'newly_flagged': 203, 'newly_closed': 0, 'still_open': 203, 'total_logged': 203, 'log_path': 'C:\\Users\\gmsco\\Desktop\\Market_Betting\\data\\weather\\clv_log.csv'}
2026-09-09 17:35:02,044 UTC | INFO | === CLV logging run starting (track=politics) ===
2026-09-09 17:35:02,056 UTC | INFO | [politics] Loaded 868 estimate rows from C:\Users\gmsco\Desktop\Market_Betting\data\politics\estimates\politics_estimates_latest.csv
2026-09-09 17:35:02,073 UTC | INFO | [politics] Existing CLV log has 416 rows before this run
2026-09-09 17:35:02,275 UTC | INFO | [politics] Wrote 416 total rows to C:\Users\gmsco\Desktop\Market_Betting\data\politics\clv_log.csv
2026-09-09 17:35:02,281 UTC | INFO | Run summary: {'track': 'politics', 'estimates_file': 'C:\\Users\\gmsco\\Desktop\\Market_Betting\\data\\politics\\estimates\\politics_estimates_latest.csv', 'rows_in_estimates': 868, 'newly_flagged': 0, 'newly_closed': 0, 'still_open': 416, 'total_logged': 416, 'log_path': 'C:\\Users\\gmsco\\Desktop\\Market_Betting\\data\\politics\\clv_log.csv'}
2026-09-09 17:54:53,521 UTC | INFO | === CLV logging run starting (track=props) ===
2026-09-09 17:54:53,535 UTC | INFO | [props] Loaded 813 estimate rows from C:\Users\gmsco\Desktop\Market_Betting\output\estimation\sportsbook_props_latest.csv
2026-09-09 17:54:53,551 UTC | INFO | [props] Existing CLV log has 172 rows before this run
2026-09-09 17:54:53,722 UTC | INFO | [props] Wrote 228 total rows to C:\Users\gmsco\Desktop\Market_Betting\data\sportsbook_props\clv_log.csv
2026-09-09 17:54:53,727 UTC | INFO | Run summary: {'track': 'props', 'estimates_file': 'C:\\Users\\gmsco\\Desktop\\Market_Betting\\output\\estimation\\sportsbook_props_latest.csv', 'rows_in_estimates': 813, 'newly_flagged': 56, 'newly_closed': 0, 'still_open': 228, 'total_logged': 228, 'log_path': 'C:\\Users\\gmsco\\Desktop\\Market_Betting\\data\\sportsbook_props\\clv_log.csv'}
2026-09-09 18:54:58,604 UTC | INFO | [props] Loaded 815 estimate rows from C:\Users\gmsco\Desktop\Market_Betting\output\estimation\sportsbook_props_estimates_20260909T185458Z.csv
2026-09-09 18:54:58,623 UTC | INFO | [props] Existing CLV log has 228 rows before this run
2026-09-09 18:54:58,814 UTC | INFO | [props] Wrote 229 total rows to C:\Users\gmsco\Desktop\Market_Betting\data\sportsbook_props\clv_log.csv
2026-09-09 19:49:34,088 UTC | INFO | [weather] Loaded 576 estimate rows from C:\Users\gmsco\Desktop\Market_Betting\data\weather\estimates\weather_estimates_20260909T194934Z.csv
2026-09-09 19:49:34,104 UTC | INFO | [weather] Existing CLV log has 203 rows before this run
2026-09-09 19:49:34,344 UTC | INFO | [weather] Wrote 602 total rows to C:\Users\gmsco\Desktop\Market_Betting\data\weather\clv_log.csv
2026-09-09 22:49:32,885 UTC | INFO | [props] Loaded 824 estimate rows from output/estimation/sportsbook_props_latest.csv
2026-09-09 22:49:32,901 UTC | INFO | [props] Existing CLV log has 230 rows before this run
2026-09-09 22:49:33,072 UTC | INFO | [props] Wrote 230 total rows to C:\Users\gmsco\Desktop\Market_Betting\data\sportsbook_props\clv_log.csv
2026-09-09 22:51:56,195 UTC | INFO | [props] Loaded 824 estimate rows from output/estimation/sportsbook_props_latest.csv
2026-09-09 22:51:56,223 UTC | INFO | [props] Existing CLV log has 70 rows before this run
2026-09-09 22:51:56,357 UTC | INFO | [props] Wrote 210 total rows to C:\Users\gmsco\Desktop\Market_Betting\data\sportsbook_props\clv_log.csv
2026-09-09 22:56:58,253 UTC | INFO | [props] Loaded 824 estimate rows from output/estimation/sportsbook_props_latest.csv
2026-09-09 22:56:58,275 UTC | INFO | [props] Existing CLV log has 140 rows before this run
2026-09-09 22:56:58,419 UTC | INFO | [props] Wrote 140 total rows to C:\Users\gmsco\Desktop\Market_Betting\data\sportsbook_props\clv_log.csv
2026-09-10 16:37:11,191 UTC | INFO | === CLV logging run starting (track=props) ===
2026-09-10 16:37:11,214 UTC | INFO | [props] Loaded 1185 estimate rows from C:\Users\gmsco\Desktop\Market_Betting\output\estimation\sportsbook_props_latest.csv
2026-09-10 16:37:11,241 UTC | INFO | [props] Existing CLV log has 154 rows before this run
2026-09-10 16:37:11,349 UTC | WARNING | [props] Multiple consensus candidates for own_platform=betmgm key=jahmyr gibbs|rushing_tds+receiving_tds (3 matches across other platform(s)) -- using the first.
2026-09-10 16:37:11,349 UTC | WARNING | [props] Multiple consensus candidates for own_platform=betmgm key=derrick henry|rushing_tds+receiving_tds (3 matches across other platform(s)) -- using the first.
2026-09-10 16:37:11,350 UTC | WARNING | [props] Multiple consensus candidates for own_platform=betmgm key=jonathan taylor|rushing_tds+receiving_tds (3 matches across other platform(s)) -- using the first.
2026-09-10 16:37:11,350 UTC | WARNING | [props] Multiple consensus candidates for own_platform=betmgm key=bijan robinson|rushing_tds+receiving_tds (3 matches across other platform(s)) -- using the first.
2026-09-10 16:37:11,350 UTC | WARNING | [props] Multiple consensus candidates for own_platform=betmgm key=d'andre swift|rushing_tds+receiving_tds (3 matches across other platform(s)) -- using the first.
2026-09-10 16:37:11,351 UTC | WARNING | [props] Multiple consensus candidates for own_platform=betmgm key=chase brown|rushing_tds+receiving_tds (3 matches across other platform(s)) -- using the first.
2026-09-10 16:37:11,351 UTC | WARNING | [props] Multiple consensus candidates for own_platform=betmgm key=christian mccaffrey|rushing_tds+receiving_tds (3 matches across other platform(s)) -- using the first.
2026-09-10 16:37:11,352 UTC | WARNING | [props] Multiple consensus candidates for own_platform=betmgm key=kyren williams|rushing_tds+receiving_tds (3 matches across other platform(s)) -- using the first.
2026-09-10 16:37:11,352 UTC | WARNING | [props] Multiple consensus candidates for own_platform=betmgm key=david montgomery|rushing_tds+receiving_tds (3 matches across other platform(s)) -- using the first.
2026-09-10 16:37:11,352 UTC | WARNING | [props] Multiple consensus candidates for own_platform=betmgm key=ja'marr chase|rushing_tds+receiving_tds (3 matches across other platform(s)) -- using the first.
2026-09-10 16:37:11,353 UTC | WARNING | [props] Multiple consensus candidates for own_platform=betmgm key=james cook|rushing_tds+receiving_tds (3 matches across other platform(s)) -- using the first.
2026-09-10 16:37:11,353 UTC | WARNING | [props] Multiple consensus candidates for own_platform=betmgm key=amon-ra st. brown|rushing_tds+receiving_tds (3 matches across other platform(s)) -- using the first.
2026-09-10 16:37:11,354 UTC | WARNING | [props] Multiple consensus candidates for own_platform=betmgm key=davante adams|rushing_tds+receiving_tds (3 matches across other platform(s)) -- using the first.
2026-09-10 16:37:11,354 UTC | WARNING | [props] Multiple consensus candidates for own_platform=betmgm key=bucky irving|rushing_tds+receiving_tds (3 matches across other platform(s)) -- using the first.
2026-09-10 16:37:11,355 UTC | WARNING | [props] Multiple consensus candidates for own_platform=betmgm key=josh allen|rushing_tds+receiving_tds (3 matches across other platform(s)) -- using the first.
2026-09-10 16:37:11,355 UTC | WARNING | [props] Multiple consensus candidates for own_platform=betmgm key=chuba hubbard|rushing_tds+receiving_tds (3 matches across other platform(s)) -- using the first.
2026-09-10 16:37:11,356 UTC | WARNING | [props] Multiple consensus candidates for own_platform=betmgm key=puka nacua|rushing_tds+receiving_tds (3 matches across other platform(s)) -- using the first.
2026-09-10 16:37:11,356 UTC | WARNING | [props] Multiple consensus candidates for own_platform=betmgm key=tee higgins|rushing_tds+receiving_tds (3 matches across other platform(s)) -- using the first.
2026-09-10 16:37:11,357 UTC | WARNING | [props] Multiple consensus candidates for own_platform=betmgm key=rico dowdle|rushing_tds+receiving_tds (3 matches across other platform(s)) -- using the first.
2026-09-10 16:37:11,357 UTC | WARNING | [props] Multiple consensus candidates for own_platform=betmgm key=bhayshul tuten|rushing_tds+receiving_tds (3 matches across other platform(s)) -- using the first.
2026-09-10 16:37:11,357 UTC | WARNING | [props] Multiple consensus candidates for own_platform=betmgm key=jaylen warren|rushing_tds+receiving_tds (3 matches across other platform(s)) -- using the first.
2026-09-10 16:37:11,358 UTC | WARNING | [props] Multiple consensus candidates for own_platform=betmgm key=quinshon judkins|rushing_tds+receiving_tds (3 matches across other platform(s)) -- using the first.
2026-09-10 16:37:11,359 UTC | WARNING | [props] Multiple consensus candidates for own_platform=betmgm key=nico collins|rushing_tds+receiving_tds (3 matches across other platform(s)) -- using the first.
2026-09-10 16:37:11,359 UTC | WARNING | [props] Multiple consensus candidates for own_platform=betmgm key=chris olave|rushing_tds+receiving_tds (3 matches across other platform(s)) -- using the first.
2026-09-10 16:37:11,360 UTC | WARNING | [props] Multiple consensus candidates for own_platform=betmgm key=blake corum|rushing_tds+receiving_tds (3 matches across other platform(s)) -- using the first.
2026-09-10 16:37:11,360 UTC | WARNING | [props] Multiple consensus candidates for own_platform=betmgm key=zay flowers|rushing_tds+receiving_tds (3 matches across other platform(s)) -- using the first.
2026-09-10 16:37:11,361 UTC | WARNING | [props] Multiple consensus candidates for own_platform=betmgm key=colston loveland|rushing_tds+receiving_tds (3 matches across other platform(s)) -- using the first.
2026-09-10 16:37:11,361 UTC | WARNING | [props] Multiple consensus candidates for own_platform=betmgm key=kyle monangai|rushing_tds+receiving_tds (3 matches across other platform(s)) -- using the first.
2026-09-10 16:37:11,362 UTC | WARNING | [props] Multiple consensus candidates for own_platform=betmgm key=tetairoa mcmillan|rushing_tds+receiving_tds (3 matches across other platform(s)) -- using the first.
2026-09-10 16:37:11,363 UTC | WARNING | [props] Multiple consensus candidates for own_platform=betmgm key=parker washington|rushing_tds+receiving_tds (3 matches across other platform(s)) -- using the first.
2026-09-10 16:37:11,363 UTC | WARNING | [props] Multiple consensus candidates for own_platform=betmgm key=jameson williams|rushing_tds+receiving_tds (3 matches across other platform(s)) -- using the first.
2026-09-10 16:37:11,364 UTC | WARNING | [props] Multiple consensus candidates for own_platform=betmgm key=emeka egbuka|rushing_tds+receiving_tds (3 matches across other platform(s)) -- using the first.
2026-09-10 16:37:11,364 UTC | WARNING | [props] Multiple consensus candidates for own_platform=betmgm key=mark andrews|rushing_tds+receiving_tds (3 matches across other platform(s)) -- using the first.
2026-09-10 16:37:11,365 UTC | WARNING | [props] Multiple consensus candidates for own_platform=betmgm key=mike evans|rushing_tds+receiving_tds (3 matches across other platform(s)) -- using the first.
2026-09-10 16:37:11,365 UTC | WARNING | [props] Multiple consensus candidates for own_platform=betmgm key=sam laporta|rushing_tds+receiving_tds (3 matches across other platform(s)) -- using the first.
2026-09-10 16:37:11,365 UTC | WARNING | [props] Multiple consensus candidates for own_platform=betmgm key=drake london|rushing_tds+receiving_tds (3 matches across other platform(s)) -- using the first.
2026-09-10 16:37:11,366 UTC | WARNING | [props] Multiple consensus candidates for own_platform=betmgm key=chris godwin|rushing_tds+receiving_tds (3 matches across other platform(s)) -- using the first.
2026-09-10 16:37:11,367 UTC | WARNING | [props] Multiple consensus candidates for own_platform=betmgm key=dk metcalf|rushing_tds+receiving_tds (3 matches across other platform(s)) -- using the first.
2026-09-10 16:37:11,367 UTC | WARNING | [props] Multiple consensus candidates for own_platform=betmgm key=rome odunze|rushing_tds+receiving_tds (3 matches across other platform(s)) -- using the first.
2026-09-10 16:37:11,367 UTC | WARNING | [props] Multiple consensus candidates for own_platform=betmgm key=lamar jackson|rushing_tds+receiving_tds (3 matches across other platform(s)) -- using the first.
2026-09-10 16:37:11,368 UTC | WARNING | [props] Multiple consensus candidates for own_platform=betmgm key=samaje perine|rushing_tds+receiving_tds (3 matches across other platform(s)) -- using the first.
2026-09-10 16:37:11,368 UTC | WARNING | [props] Multiple consensus candidates for own_platform=betmgm key=tyler warren|rushing_tds+receiving_tds (3 matches across other platform(s)) -- using the first.
2026-09-10 16:37:11,369 UTC | WARNING | [props] Multiple consensus candidates for own_platform=betmgm key=alec pierce|rushing_tds+receiving_tds (3 matches across other platform(s)) -- using the first.
2026-09-10 16:37:11,370 UTC | WARNING | [props] Multiple consensus candidates for own_platform=betmgm key=woody marks|rushing_tds+receiving_tds (3 matches across other platform(s)) -- using the first.
2026-09-10 16:37:11,370 UTC | WARNING | [props] Multiple consensus candidates for own_platform=betmgm key=jakobi meyers|rushing_tds+receiving_tds (3 matches across other platform(s)) -- using the first.
2026-09-10 16:37:11,371 UTC | WARNING | [props] Multiple consensus candidates for own_platform=betmgm key=josh downs|rushing_tds+receiving_tds (3 matches across other platform(s)) -- using the first.
2026-09-10 16:37:11,371 UTC | WARNING | [props] Multiple consensus candidates for own_platform=betmgm key=jake tonges|rushing_tds+receiving_tds (3 matches across other platform(s)) -- using the first.
2026-09-10 16:37:11,372 UTC | WARNING | [props] Multiple consensus candidates for own_platform=betmgm key=george kittle|rushing_tds+receiving_tds (3 matches across other platform(s)) -- using the first.
2026-09-10 16:37:11,372 UTC | WARNING | [props] Multiple consensus candidates for own_platform=betmgm key=trevor lawrence|rushing_tds+receiving_tds (3 matches across other platform(s)) -- using the first.
2026-09-10 16:37:11,373 UTC | WARNING | [props] Multiple consensus candidates for own_platform=betmgm key=dalton kincaid|rushing_tds+receiving_tds (3 matches across other platform(s)) -- using the first.
2026-09-10 16:37:11,373 UTC | WARNING | [props] Multiple consensus candidates for own_platform=betmgm key=devaughn vele|rushing_tds+receiving_tds (3 matches across other platform(s)) -- using the first.
2026-09-10 16:37:11,374 UTC | WARNING | [props] Multiple consensus candidates for own_platform=betmgm key=jalen coker|rushing_tds+receiving_tds (3 matches across other platform(s)) -- using the first.
2026-09-10 16:37:11,374 UTC | WARNING | [props] Multiple consensus candidates for own_platform=betmgm key=dalton schultz|rushing_tds+receiving_tds (3 matches across other platform(s)) -- using the first.
2026-09-10 16:37:11,375 UTC | WARNING | [props] Multiple consensus candidates for own_platform=betmgm key=brenton strange|rushing_tds+receiving_tds (3 matches across other platform(s)) -- using the first.
2026-09-10 16:37:11,375 UTC | WARNING | [props] Multiple consensus candidates for own_platform=betmgm key=mike gesicki|rushing_tds+receiving_tds (3 matches across other platform(s)) -- using the first.
2026-09-10 16:37:11,376 UTC | WARNING | [props] Multiple consensus candidates for own_platform=betmgm key=pat freiermuth|rushing_tds+receiving_tds (3 matches across other platform(s)) -- using the first.
2026-09-10 16:37:11,377 UTC | WARNING | [props] Multiple consensus candidates for own_platform=betmgm key=khalil shakir|rushing_tds+receiving_tds (3 matches across other platform(s)) -- using the first.
2026-09-10 16:37:11,377 UTC | WARNING | [props] Multiple consensus candidates for own_platform=betmgm key=tyler shough|rushing_tds+receiving_tds (3 matches across other platform(s)) -- using the first.
2026-09-10 16:37:11,378 UTC | WARNING | [props] Multiple consensus candidates for own_platform=betmgm key=keenan allen|rushing_tds+receiving_tds (3 matches across other platform(s)) -- using the first.
2026-09-10 16:37:11,379 UTC | WARNING | [props] Multiple consensus candidates for own_platform=betmgm key=cade otton|rushing_tds+receiving_tds (3 matches across other platform(s)) -- using the first.
2026-09-10 16:37:11,379 UTC | WARNING | [props] Multiple consensus candidates for own_platform=betmgm key=colby parkinson|rushing_tds+receiving_tds (3 matches across other platform(s)) -- using the first.
2026-09-10 16:37:11,379 UTC | WARNING | [props] Multiple consensus candidates for own_platform=betmgm key=deebo samuel|rushing_tds+receiving_tds (3 matches across other platform(s)) -- using the first.
2026-09-10 16:37:11,380 UTC | WARNING | [props] Multiple consensus candidates for own_platform=betmgm key=kayshon boutte|rushing_tds+receiving_tds (3 matches across other platform(s)) -- using the first.
2026-09-10 16:37:11,380 UTC | WARNING | [props] Multiple consensus candidates for own_platform=betmgm key=terrance ferguson|rushing_tds+receiving_tds (3 matches across other platform(s)) -- using the first.
2026-09-10 16:37:11,381 UTC | WARNING | [props] Multiple consensus candidates for own_platform=betmgm key=justice hill|rushing_tds+receiving_tds (3 matches across other platform(s)) -- using the first.
2026-09-10 16:37:11,381 UTC | WARNING | [props] Multiple consensus candidates for own_platform=betmgm key=xavier hutchinson|rushing_tds+receiving_tds (3 matches across other platform(s)) -- using the first.
2026-09-10 16:37:11,382 UTC | WARNING | [props] Multiple consensus candidates for own_platform=betmgm key=caleb williams|rushing_tds+receiving_tds (3 matches across other platform(s)) -- using the first.
2026-09-10 16:37:11,382 UTC | WARNING | [props] Multiple consensus candidates for own_platform=betmgm key=bryce young|rushing_tds+receiving_tds (3 matches across other platform(s)) -- using the first.
2026-09-10 16:37:11,383 UTC | WARNING | [props] Multiple consensus candidates for own_platform=betmgm key=jerry jeudy|rushing_tds+receiving_tds (3 matches across other platform(s)) -- using the first.
2026-09-10 16:37:11,383 UTC | WARNING | [props] Multiple consensus candidates for own_platform=betmgm key=brock purdy|rushing_tds+receiving_tds (3 matches across other platform(s)) -- using the first.
2026-09-10 16:37:11,384 UTC | WARNING | [props] Multiple consensus candidates for own_platform=betmgm key=isaac teslaa|rushing_tds+receiving_tds (3 matches across other platform(s)) -- using the first.
2026-09-10 16:37:11,384 UTC | WARNING | [props] Multiple consensus candidates for own_platform=betmgm key=sean tucker|rushing_tds+receiving_tds (3 matches across other platform(s)) -- using the first.
2026-09-10 16:37:11,384 UTC | WARNING | [props] Multiple consensus candidates for own_platform=betmgm key=daniel jones|rushing_tds+receiving_tds (3 matches across other platform(s)) -- using the first.
2026-09-10 16:37:11,385 UTC | WARNING | [props] Multiple consensus candidates for own_platform=betmgm key=cole kmet|rushing_tds+receiving_tds (3 matches across other platform(s)) -- using the first.
2026-09-10 16:37:11,385 UTC | WARNING | [props] Multiple consensus candidates for own_platform=betmgm key=kendre miller|rushing_tds+receiving_tds (3 matches across other platform(s)) -- using the first.
2026-09-10 16:37:11,386 UTC | WARNING | [props] Multiple consensus candidates for own_platform=betmgm key=darren waller|rushing_tds+receiving_tds (3 matches across other platform(s)) -- using the first.
2026-09-10 16:37:11,386 UTC | WARNING | [props] Multiple consensus candidates for own_platform=betmgm key=xavier legette|rushing_tds+receiving_tds (3 matches across other platform(s)) -- using the first.
2026-09-10 16:37:11,386 UTC | WARNING | [props] Multiple consensus candidates for own_platform=betmgm key=tommy tremble|rushing_tds+receiving_tds (3 matches across other platform(s)) -- using the first.
2026-09-10 16:37:11,387 UTC | WARNING | [props] Multiple consensus candidates for own_platform=betmgm key=dylan sampson|rushing_tds+receiving_tds (3 matches across other platform(s)) -- using the first.
2026-09-10 16:37:11,387 UTC | WARNING | [props] Multiple consensus candidates for own_platform=betmgm key=tez johnson|rushing_tds+receiving_tds (3 matches across other platform(s)) -- using the first.
2026-09-10 16:37:11,388 UTC | WARNING | [props] Multiple consensus candidates for own_platform=betmgm key=kalif raymond|rushing_tds+receiving_tds (3 matches across other platform(s)) -- using the first.
2026-09-10 16:37:11,388 UTC | WARNING | [props] Multiple consensus candidates for own_platform=betmgm key=tyler higbee|rushing_tds+receiving_tds (3 matches across other platform(s)) -- using the first.
2026-09-10 16:37:11,389 UTC | WARNING | [props] Multiple consensus candidates for own_platform=betmgm key=dawson knox|rushing_tds+receiving_tds (3 matches across other platform(s)) -- using the first.
2026-09-10 16:37:11,390 UTC | WARNING | [props] Multiple consensus candidates for own_platform=betmgm key=jaylin noel|rushing_tds+receiving_tds (3 matches across other platform(s)) -- using the first.
2026-09-10 16:37:11,391 UTC | WARNING | [props] Multiple consensus candidates for own_platform=betmgm key=roman wilson|rushing_tds+receiving_tds (3 matches across other platform(s)) -- using the first.
2026-09-10 16:37:11,391 UTC | WARNING | [props] Multiple consensus candidates for own_platform=betmgm key=keon coleman|rushing_tds+receiving_tds (3 matches across other platform(s)) -- using the first.
2026-09-10 16:37:11,392 UTC | WARNING | [props] Multiple consensus candidates for own_platform=betmgm key=olamide zaccheaus|rushing_tds+receiving_tds (3 matches across other platform(s)) -- using the first.
2026-09-10 16:37:11,392 UTC | WARNING | [props] Multiple consensus candidates for own_platform=betmgm key=noah fant|rushing_tds+receiving_tds (3 matches across other platform(s)) -- using the first.
2026-09-10 16:37:11,393 UTC | WARNING | [props] Multiple consensus candidates for own_platform=betmgm key=travis hunter|rushing_tds+receiving_tds (3 matches across other platform(s)) -- using the first.
2026-09-10 16:37:11,393 UTC | WARNING | [props] Multiple consensus candidates for own_platform=betmgm key=kyle juszczyk|rushing_tds+receiving_tds (3 matches across other platform(s)) -- using the first.
2026-09-10 16:37:11,394 UTC | WARNING | [props] Multiple consensus candidates for own_platform=betmgm key=c.j. stroud|rushing_tds+receiving_tds (3 matches across other platform(s)) -- using the first.
2026-09-10 16:37:11,394 UTC | WARNING | [props] Multiple consensus candidates for own_platform=betmgm key=brock wright|rushing_tds+receiving_tds (3 matches across other platform(s)) -- using the first.
2026-09-10 16:37:11,395 UTC | WARNING | [props] Multiple consensus candidates for own_platform=betmgm key=rasheen ali|rushing_tds+receiving_tds (3 matches across other platform(s)) -- using the first.
2026-09-10 16:37:11,396 UTC | WARNING | [props] Multiple consensus candidates for own_platform=betmgm key=mo alie-cox|rushing_tds+receiving_tds (3 matches across other platform(s)) -- using the first.
2026-09-10 16:37:11,397 UTC | WARNING | [props] Multiple consensus candidates for own_platform=betmgm key=jahdae walker|rushing_tds+receiving_tds (3 matches across other platform(s)) -- using the first.
2026-09-10 16:37:11,397 UTC | WARNING | [props] Multiple consensus candidates for own_platform=betmgm key=devontez walker|rushing_tds+receiving_tds (3 matches across other platform(s)) -- using the first.
2026-09-10 16:37:11,398 UTC | WARNING | [props] Multiple consensus candidates for own_platform=betmgm key=mitchell evans|rushing_tds+receiving_tds (3 matches across other platform(s)) -- using the first.
2026-09-10 16:37:11,398 UTC | WARNING | [props] Multiple consensus candidates for own_platform=betmgm key=austin hooper|rushing_tds+receiving_tds (3 matches across other platform(s)) -- using the first.
2026-09-10 16:37:11,399 UTC | WARNING | [props] Multiple consensus candidates for own_platform=betmgm key=jackson hawes|rushing_tds+receiving_tds (3 matches across other platform(s)) -- using the first.
2026-09-10 16:37:11,400 UTC | WARNING | [props] Multiple consensus candidates for own_platform=betmgm key=konata mumpfield|rushing_tds+receiving_tds (3 matches across other platform(s)) -- using the first.
2026-09-10 16:37:11,400 UTC | WARNING | [props] Multiple consensus candidates for own_platform=betmgm key=davis allen|rushing_tds+receiving_tds (3 matches across other platform(s)) -- using the first.
2026-09-10 16:37:11,401 UTC | WARNING | [props] Multiple consensus candidates for own_platform=betmgm key=aaron rodgers|rushing_tds+receiving_tds (3 matches across other platform(s)) -- using the first.
2026-09-10 16:37:11,402 UTC | WARNING | [props] Multiple consensus candidates for own_platform=betmgm key=raheim sanders|rushing_tds+receiving_tds (3 matches across other platform(s)) -- using the first.
2026-09-10 16:37:11,403 UTC | WARNING | [props] Multiple consensus candidates for own_platform=betmgm key=tylan wallace|rushing_tds+receiving_tds (3 matches across other platform(s)) -- using the first.
2026-09-10 16:37:11,510 UTC | INFO | [props] Wrote 364 total rows to C:\Users\gmsco\Desktop\Market_Betting\data\sportsbook_props\clv_log.csv
2026-09-10 16:37:11,516 UTC | INFO | Run summary: {'track': 'props', 'estimates_file': 'C:\\Users\\gmsco\\Desktop\\Market_Betting\\output\\estimation\\sportsbook_props_latest.csv', 'rows_in_estimates': 1185, 'newly_flagged': 210, 'newly_closed': 0, 'still_open': 348, 'total_logged': 364, 'log_path': 'C:\\Users\\gmsco\\Desktop\\Market_Betting\\data\\sportsbook_props\\clv_log.csv'}
2026-09-10 16:38:12,612 UTC | INFO | === CLV logging run starting (track=props) ===
2026-09-10 16:38:12,629 UTC | INFO | [props] Loaded 1185 estimate rows from C:\Users\gmsco\Desktop\Market_Betting\output\estimation\sportsbook_props_latest.csv
2026-09-10 16:38:12,654 UTC | INFO | [props] Existing CLV log has 154 rows before this run
2026-09-10 16:38:12,911 UTC | INFO | [props] Wrote 364 total rows to C:\Users\gmsco\Desktop\Market_Betting\data\sportsbook_props\clv_log.csv
2026-09-10 16:38:12,918 UTC | INFO | Run summary: {'track': 'props', 'estimates_file': 'C:\\Users\\gmsco\\Desktop\\Market_Betting\\output\\estimation\\sportsbook_props_latest.csv', 'rows_in_estimates': 1185, 'newly_flagged': 210, 'newly_closed': 0, 'still_open': 348, 'total_logged': 364, 'log_path': 'C:\\Users\\gmsco\\Desktop\\Market_Betting\\data\\sportsbook_props\\clv_log.csv'}
2026-09-10 16:46:46,637 UTC | INFO | [props] Loaded 1186 estimate rows from C:\Users\gmsco\Desktop\Market_Betting\output\estimation\sportsbook_props_estimates_20260910T164646Z.csv
2026-09-10 16:46:46,653 UTC | INFO | [props] Existing CLV log has 364 rows before this run
2026-09-10 16:46:46,944 UTC | INFO | [props] Wrote 364 total rows to C:\Users\gmsco\Desktop\Market_Betting\data\sportsbook_props\clv_log.csv
2026-09-10 17:19:10,566 UTC | INFO | === CLV logging run starting (track=props) ===
2026-09-10 17:19:10,582 UTC | INFO | [props] Loaded 1186 estimate rows from C:\Users\gmsco\Desktop\Market_Betting\output\estimation\sportsbook_props_latest.csv
2026-09-10 17:19:10,601 UTC | INFO | [props] Existing CLV log has 364 rows before this run
2026-09-10 17:19:10,930 UTC | INFO | [props] Wrote 364 total rows to C:\Users\gmsco\Desktop\Market_Betting\data\sportsbook_props\clv_log.csv
2026-09-10 17:19:10,937 UTC | INFO | Run summary: {'track': 'props', 'estimates_file': 'C:\\Users\\gmsco\\Desktop\\Market_Betting\\output\\estimation\\sportsbook_props_latest.csv', 'rows_in_estimates': 1186, 'newly_flagged': 0, 'newly_closed': 0, 'still_open': 348, 'total_logged': 364, 'log_path': 'C:\\Users\\gmsco\\Desktop\\Market_Betting\\data\\sportsbook_props\\clv_log.csv'}
2026-09-10 17:37:13,496 UTC | INFO | === CLV logging run starting (track=props) ===
2026-09-10 17:37:13,512 UTC | INFO | [props] Loaded 1186 estimate rows from C:\Users\gmsco\Desktop\Market_Betting\output\estimation\sportsbook_props_latest.csv
2026-09-10 17:37:13,542 UTC | INFO | [props] Existing CLV log has 364 rows before this run
2026-09-10 17:37:13,889 UTC | INFO | [props] Wrote 364 total rows to C:\Users\gmsco\Desktop\Market_Betting\data\sportsbook_props\clv_log.csv
2026-09-10 17:37:13,896 UTC | INFO | Run summary: {'track': 'props', 'estimates_file': 'C:\\Users\\gmsco\\Desktop\\Market_Betting\\output\\estimation\\sportsbook_props_latest.csv', 'rows_in_estimates': 1186, 'newly_flagged': 0, 'newly_closed': 0, 'still_open': 348, 'total_logged': 364, 'log_path': 'C:\\Users\\gmsco\\Desktop\\Market_Betting\\data\\sportsbook_props\\clv_log.csv'}
