2026-09-11 08:44:56,621 INFO Starting real execution-risk poll: kalshi/HOUSEVA7-26-R (YES) vs polymarket/0x45686d5a8bf5c8c3345c19d3b1af5cd96c4142fa971e6f58f7569935dfd852a1 (NO), every 30s for 1 min (3 polls total) -> C:\Users\gmsco\Desktop\Market_Betting\data\arbitrage\execution_risk_polls\poll_2026-09-11T13-44-56Z.csv
2026-09-11 08:44:56,976 INFO Poll 1/3: fillable=$300.00 (basis=leg_a=kalshi_real_order_book_size_field_leg_b=polymarket_liquidity_dollars_divided_by_price_approximation_min_leg_a_binding)
2026-09-11 08:45:27,356 INFO Poll 2/3: fillable=$300.00 (basis=leg_a=kalshi_real_order_book_size_field_leg_b=polymarket_liquidity_dollars_divided_by_price_approximation_min_leg_a_binding)
2026-09-11 08:45:57,529 INFO Poll 3/3: fillable=$300.00 (basis=leg_a=kalshi_real_order_book_size_field_leg_b=polymarket_liquidity_dollars_divided_by_price_approximation_min_leg_a_binding)
2026-09-11 08:45:57,529 INFO Real poll session complete -- 3 readings written to C:\Users\gmsco\Desktop\Market_Betting\data\arbitrage\execution_risk_polls\poll_2026-09-11T13-44-56Z.csv
2026-09-11 08:46:08,961 INFO Starting real execution-risk poll: kalshi/HOUSEVA7-26-R (YES) vs polymarket/0x45686d5a8bf5c8c3345c19d3b1af5cd96c4142fa971e6f58f7569935dfd852a1 (NO), every 120s for 30 min (16 polls total) -> C:\Users\gmsco\Desktop\Market_Betting\data\arbitrage\execution_risk_polls\poll_2026-09-11T13-46-08Z.csv
2026-09-11 08:46:09,137 INFO Poll 1/16: fillable=$300.00 (basis=leg_a=kalshi_real_order_book_size_field_leg_b=polymarket_liquidity_dollars_divided_by_price_approximation_min_leg_a_binding)
2026-09-11 08:48:09,354 INFO Poll 2/16: fillable=$300.00 (basis=leg_a=kalshi_real_order_book_size_field_leg_b=polymarket_liquidity_dollars_divided_by_price_approximation_min_leg_a_binding)
2026-09-11 08:50:09,755 INFO Poll 3/16: fillable=$300.00 (basis=leg_a=kalshi_real_order_book_size_field_leg_b=polymarket_liquidity_dollars_divided_by_price_approximation_min_leg_a_binding)
2026-09-11 08:52:09,996 INFO Poll 4/16: fillable=$300.00 (basis=leg_a=kalshi_real_order_book_size_field_leg_b=polymarket_liquidity_dollars_divided_by_price_approximation_min_leg_a_binding)
2026-09-11 08:54:10,213 INFO Poll 5/16: fillable=$300.00 (basis=leg_a=kalshi_real_order_book_size_field_leg_b=polymarket_liquidity_dollars_divided_by_price_approximation_min_leg_a_binding)
2026-09-11 08:56:10,591 INFO Poll 6/16: fillable=$300.00 (basis=leg_a=kalshi_real_order_book_size_field_leg_b=polymarket_liquidity_dollars_divided_by_price_approximation_min_leg_a_binding)
2026-09-11 08:58:11,012 INFO Poll 7/16: fillable=$300.00 (basis=leg_a=kalshi_real_order_book_size_field_leg_b=polymarket_liquidity_dollars_divided_by_price_approximation_min_leg_a_binding)
2026-09-11 09:00:11,235 INFO Poll 8/16: fillable=$300.00 (basis=leg_a=kalshi_real_order_book_size_field_leg_b=polymarket_liquidity_dollars_divided_by_price_approximation_min_leg_a_binding)
2026-09-11 09:02:11,599 INFO Poll 9/16: fillable=$300.00 (basis=leg_a=kalshi_real_order_book_size_field_leg_b=polymarket_liquidity_dollars_divided_by_price_approximation_min_leg_a_binding)
2026-09-11 09:04:11,993 INFO Poll 10/16: fillable=$300.00 (basis=leg_a=kalshi_real_order_book_size_field_leg_b=polymarket_liquidity_dollars_divided_by_price_approximation_min_leg_a_binding)
2026-09-11 09:06:12,204 INFO Poll 11/16: fillable=$300.00 (basis=leg_a=kalshi_real_order_book_size_field_leg_b=polymarket_liquidity_dollars_divided_by_price_approximation_min_leg_a_binding)
2026-09-11 09:08:12,635 INFO Poll 12/16: fillable=$300.00 (basis=leg_a=kalshi_real_order_book_size_field_leg_b=polymarket_liquidity_dollars_divided_by_price_approximation_min_leg_a_binding)
2026-09-11 09:10:13,044 INFO Poll 13/16: fillable=$300.00 (basis=leg_a=kalshi_real_order_book_size_field_leg_b=polymarket_liquidity_dollars_divided_by_price_approximation_min_leg_a_binding)
2026-09-11 09:12:13,245 INFO Poll 14/16: fillable=$300.00 (basis=leg_a=kalshi_real_order_book_size_field_leg_b=polymarket_liquidity_dollars_divided_by_price_approximation_min_leg_a_binding)
2026-09-11 09:14:13,725 INFO Poll 15/16: fillable=$300.00 (basis=leg_a=kalshi_real_order_book_size_field_leg_b=polymarket_liquidity_dollars_divided_by_price_approximation_min_leg_a_binding)
2026-09-11 09:16:13,917 INFO Poll 16/16: fillable=$300.00 (basis=leg_a=kalshi_real_order_book_size_field_leg_b=polymarket_liquidity_dollars_divided_by_price_approximation_min_leg_a_binding)
2026-09-11 09:16:13,917 INFO Real poll session complete -- 16 readings written to C:\Users\gmsco\Desktop\Market_Betting\data\arbitrage\execution_risk_polls\poll_2026-09-11T13-46-08Z.csv
2026-09-11 09:29:17,021 INFO Starting real SINGLE-LEG execution-risk poll: kalshi/KXHIGHCHI-26SEP11-T83 (YES), every 20s for 1 min (4 polls total) -> C:\Users\gmsco\Desktop\Market_Betting\data\arbitrage\execution_risk_polls\poll_2026-09-11T14-29-17Z.csv
2026-09-11 09:29:17,256 INFO Poll 1/4: fillable=$199.00 (basis=kalshi_real_order_book_size_field_single_leg)
2026-09-11 09:29:37,365 INFO Poll 2/4: fillable=$182.00 (basis=kalshi_real_order_book_size_field_single_leg)
2026-09-11 09:29:57,458 INFO Poll 3/4: fillable=$182.00 (basis=kalshi_real_order_book_size_field_single_leg)
2026-09-11 09:30:17,608 INFO Poll 4/4: fillable=$224.00 (basis=kalshi_real_order_book_size_field_single_leg)
2026-09-11 09:30:17,608 INFO Real poll session complete -- 4 readings written to C:\Users\gmsco\Desktop\Market_Betting\data\arbitrage\execution_risk_polls\poll_2026-09-11T14-29-17Z.csv
2026-09-11 09:30:25,411 INFO Starting real SINGLE-LEG execution-risk poll: kalshi/KXHIGHCHI-26SEP11-T83 (YES), every 120s for 30 min (16 polls total) -> C:\Users\gmsco\Desktop\Market_Betting\data\arbitrage\execution_risk_polls\poll_2026-09-11T14-30-25Z.csv
2026-09-11 09:30:25,538 INFO Poll 1/16: fillable=$224.00 (basis=kalshi_real_order_book_size_field_single_leg)
2026-09-11 09:32:25,662 INFO Poll 2/16: fillable=$227.00 (basis=kalshi_real_order_book_size_field_single_leg)
2026-09-11 09:34:25,786 INFO Poll 3/16: fillable=$227.00 (basis=kalshi_real_order_book_size_field_single_leg)
2026-09-11 09:36:25,922 INFO Poll 4/16: fillable=$244.00 (basis=kalshi_real_order_book_size_field_single_leg)
2026-09-11 09:38:26,082 INFO Poll 5/16: fillable=$244.00 (basis=kalshi_real_order_book_size_field_single_leg)
2026-09-11 09:40:26,186 INFO Poll 6/16: fillable=$244.00 (basis=kalshi_real_order_book_size_field_single_leg)
2026-09-11 09:42:26,299 INFO Poll 7/16: fillable=$244.00 (basis=kalshi_real_order_book_size_field_single_leg)
2026-09-11 09:44:26,425 INFO Poll 8/16: fillable=$244.00 (basis=kalshi_real_order_book_size_field_single_leg)
2026-09-11 09:46:26,565 INFO Poll 9/16: fillable=$244.00 (basis=kalshi_real_order_book_size_field_single_leg)
2026-09-11 09:48:26,669 INFO Poll 10/16: fillable=$244.00 (basis=kalshi_real_order_book_size_field_single_leg)
2026-09-11 09:50:26,859 INFO Poll 11/16: fillable=$244.00 (basis=kalshi_real_order_book_size_field_single_leg)
2026-09-11 09:52:26,998 INFO Poll 12/16: fillable=$244.00 (basis=kalshi_real_order_book_size_field_single_leg)
2026-09-11 09:54:27,132 INFO Poll 13/16: fillable=$244.00 (basis=kalshi_real_order_book_size_field_single_leg)
2026-09-11 09:56:27,743 INFO Poll 14/16: fillable=$228.00 (basis=kalshi_real_order_book_size_field_single_leg)
2026-09-11 09:58:27,903 INFO Poll 15/16: fillable=$228.00 (basis=kalshi_real_order_book_size_field_single_leg)
2026-09-11 10:00:28,024 INFO Poll 16/16: fillable=$221.00 (basis=kalshi_real_order_book_size_field_single_leg)
2026-09-11 10:00:28,025 INFO Real poll session complete -- 16 readings written to C:\Users\gmsco\Desktop\Market_Betting\data\arbitrage\execution_risk_polls\poll_2026-09-11T14-30-25Z.csv
2026-09-11 10:11:53,797 INFO Starting real SINGLE-LEG execution-risk poll: kalshi/KXHIGHTATL-26SEP11-T89 (YES), every 120s for 30 min (16 polls total) -> C:\Users\gmsco\Desktop\Market_Betting\data\arbitrage\execution_risk_polls\poll_2026-09-11T15-11-53Z.csv
2026-09-11 10:11:53,919 INFO Poll 1/16: fillable=$48.00 (basis=kalshi_real_order_book_size_field_single_leg)
2026-09-11 10:13:54,087 INFO Poll 2/16: fillable=$50.00 (basis=kalshi_real_order_book_size_field_single_leg)
2026-09-11 10:13:58,881 INFO Starting real SINGLE-LEG execution-risk poll: kalshi/KXHIGHTDAL-26SEP11-T96 (YES), every 120s for 30 min (16 polls total) -> C:\Users\gmsco\Desktop\Market_Betting\data\arbitrage\execution_risk_polls\poll_2026-09-11T15-13-58Z.csv
2026-09-11 10:13:59,041 INFO Poll 1/16: fillable=$200.97 (basis=kalshi_real_order_book_size_field_single_leg)
2026-09-11 10:15:54,214 INFO Poll 3/16: fillable=$32.00 (basis=kalshi_real_order_book_size_field_single_leg)
2026-09-11 10:15:59,156 INFO Poll 2/16: fillable=$200.97 (basis=kalshi_real_order_book_size_field_single_leg)
2026-09-11 10:17:54,335 INFO Poll 4/16: fillable=$78.00 (basis=kalshi_real_order_book_size_field_single_leg)
2026-09-11 10:17:59,243 INFO Poll 3/16: fillable=$200.97 (basis=kalshi_real_order_book_size_field_single_leg)
2026-09-11 10:19:50,760 INFO Poll 5/16: fillable=$36.00 (basis=kalshi_real_order_book_size_field_single_leg)
2026-09-11 10:19:55,607 INFO Poll 4/16: fillable=$200.97 (basis=kalshi_real_order_book_size_field_single_leg)
2026-09-11 10:21:50,895 INFO Poll 6/16: fillable=$32.00 (basis=kalshi_real_order_book_size_field_single_leg)
2026-09-11 10:21:55,718 INFO Poll 5/16: fillable=$16.00 (basis=kalshi_real_order_book_size_field_single_leg)
2026-09-11 10:23:51,021 INFO Poll 7/16: fillable=$33.00 (basis=kalshi_real_order_book_size_field_single_leg)
2026-09-11 10:23:56,398 INFO Poll 6/16: fillable=$10.00 (basis=kalshi_real_order_book_size_field_single_leg)
2026-09-11 10:25:51,123 INFO Poll 8/16: fillable=$11.00 (basis=kalshi_real_order_book_size_field_single_leg)
2026-09-11 10:25:56,485 INFO Poll 7/16: fillable=$10.00 (basis=kalshi_real_order_book_size_field_single_leg)
2026-09-11 10:27:51,245 INFO Poll 9/16: fillable=$9.00 (basis=kalshi_real_order_book_size_field_single_leg)
2026-09-11 10:27:56,575 INFO Poll 8/16: fillable=$10.00 (basis=kalshi_real_order_book_size_field_single_leg)
2026-09-11 10:29:51,381 INFO Poll 10/16: fillable=$10.00 (basis=kalshi_real_order_book_size_field_single_leg)
2026-09-11 10:29:56,665 INFO Poll 9/16: fillable=$16.00 (basis=kalshi_real_order_book_size_field_single_leg)
2026-09-11 10:31:51,532 INFO Poll 11/16: fillable=$12.00 (basis=kalshi_real_order_book_size_field_single_leg)
2026-09-11 10:31:56,758 INFO Poll 10/16: fillable=$16.00 (basis=kalshi_real_order_book_size_field_single_leg)
2026-09-11 10:33:51,659 INFO Poll 12/16: fillable=$33.00 (basis=kalshi_real_order_book_size_field_single_leg)
2026-09-11 10:33:56,842 INFO Poll 11/16: fillable=$16.00 (basis=kalshi_real_order_book_size_field_single_leg)
2026-09-11 10:35:51,801 INFO Poll 13/16: fillable=$3.00 (basis=kalshi_real_order_book_size_field_single_leg)
2026-09-11 10:35:56,938 INFO Poll 12/16: fillable=$16.00 (basis=kalshi_real_order_book_size_field_single_leg)
2026-09-11 10:37:51,901 INFO Poll 14/16: fillable=$23.00 (basis=kalshi_real_order_book_size_field_single_leg)
2026-09-11 10:37:57,024 INFO Poll 13/16: fillable=$16.00 (basis=kalshi_real_order_book_size_field_single_leg)
2026-09-11 10:39:52,011 INFO Poll 15/16: fillable=$54.00 (basis=kalshi_real_order_book_size_field_single_leg)
2026-09-11 10:39:57,135 INFO Poll 14/16: fillable=$16.00 (basis=kalshi_real_order_book_size_field_single_leg)
2026-09-11 10:41:52,127 INFO Poll 16/16: fillable=$17.81 (basis=kalshi_real_order_book_size_field_single_leg)
2026-09-11 10:41:52,128 INFO Real poll session complete -- 16 readings written to C:\Users\gmsco\Desktop\Market_Betting\data\arbitrage\execution_risk_polls\poll_2026-09-11T15-11-53Z.csv
2026-09-11 10:41:57,265 INFO Poll 15/16: fillable=$16.00 (basis=kalshi_real_order_book_size_field_single_leg)
2026-09-11 10:43:57,410 INFO Poll 16/16: fillable=$16.00 (basis=kalshi_real_order_book_size_field_single_leg)
2026-09-11 10:43:57,411 INFO Real poll session complete -- 16 readings written to C:\Users\gmsco\Desktop\Market_Betting\data\arbitrage\execution_risk_polls\poll_2026-09-11T15-13-58Z.csv
